step 0 maxPos 5
step 0 coef[0] = 1.000000
step 0 coef[1] = 0.665850
step 0 coef[2] = 0.170585
step 0 coef[3] = 0.911708
step 0 coef[4] = 0.768283
step 0 coef[5] = 0.092024
col = 2 | row = 1 | coef = 0.665850 | a_step_col = 0.627503
col = 2 | row = 2 | coef = 0.170585 | a_step_col = 0.627503
col = 2 | row = 3 | coef = 0.911708 | a_step_col = 0.627503
col = 2 | row = 4 | coef = 0.768283 | a_step_col = 0.627503
col = 2 | row = 5 | coef = 0.092024 | a_step_col = 0.627503
col = 3 | row = 1 | coef = 0.665850 | a_step_col = 0.546218
col = 3 | row = 2 | coef = 0.170585 | a_step_col = 0.546218
col = 3 | row = 3 | coef = 0.911708 | a_step_col = 0.546218
col = 3 | row = 4 | coef = 0.768283 | a_step_col = 0.546218
col = 3 | row = 5 | coef = 0.092024 | a_step_col = 0.546218
col = 4 | row = 1 | coef = 0.665850 | a_step_col = 0.814135
col = 4 | row = 2 | coef = 0.170585 | a_step_col = 0.814135
col = 4 | row = 3 | coef = 0.911708 | a_step_col = 0.814135
col = 4 | row = 4 | coef = 0.768283 | a_step_col = 0.814135
col = 4 | row = 5 | coef = 0.092024 | a_step_col = 0.814135
col = 5 | row = 1 | coef = 0.665850 | a_step_col = 0.957327
col = 5 | row = 2 | coef = 0.170585 | a_step_col = 0.957327
col = 5 | row = 3 | coef = 0.911708 | a_step_col = 0.957327
col = 5 | row = 4 | coef = 0.768283 | a_step_col = 0.957327
col = 5 | row = 5 | coef = 0.092024 | a_step_col = 0.957327
col = 1 | row = 1 | coef = 0.665850 | a_step_col = 0.940759
col = 1 | row = 2 | coef = 0.170585 | a_step_col = 0.940759
col = 1 | row = 3 | coef = 0.911708 | a_step_col = 0.940759
col = 1 | row = 4 | coef = 0.768283 | a_step_col = 0.940759
col = 1 | row = 5 | coef = 0.092024 | a_step_col = 0.940759
4.779699e-01	9.407591e-01	6.275032e-01	5.462177e-01	8.141348e-01	9.573269e-01	
3.182562e-01	2.809007e-01	1.388929e-01	-1.093371e-01	-2.283380e-01	-1.416938e-01	
8.153469e-02	-3.864491e-02	8.099069e-01	2.312195e-02	7.702343e-01	6.412285e-01	
4.357689e-01	-4.627167e-01	1.622812e-01	4.829268e-01	-2.275906e-01	-6.917665e-01	
3.672163e-01	-5.543859e-01	4.539211e-01	-1.494887e-02	-5.701757e-01	-2.419980e-01	
4.398472e-02	6.787046e-01	-4.314499e-02	-2.173220e-02	6.184679e-02	7.632777e-01	

step 1 maxPos 5
step 1 coef[0] = 1.386110
step 1 coef[1] = 1.000000
step 1 coef[2] = -0.056939
step 1 coef[3] = -0.681764
step 1 coef[4] = -0.816829
step 1 coef[5] = 0.413878
col = 2 | row = 2 | coef = -0.056939 | a_step_col = -0.043145
col = 2 | row = 3 | coef = -0.681764 | a_step_col = -0.043145
col = 2 | row = 4 | coef = -0.816829 | a_step_col = -0.043145
col = 2 | row = 5 | coef = 0.413878 | a_step_col = -0.043145
col = 3 | row = 2 | coef = -0.056939 | a_step_col = -0.021732
col = 3 | row = 3 | coef = -0.681764 | a_step_col = -0.021732
col = 3 | row = 4 | coef = -0.816829 | a_step_col = -0.021732
col = 3 | row = 5 | coef = 0.413878 | a_step_col = -0.021732
col = 4 | row = 2 | coef = -0.056939 | a_step_col = 0.061847
col = 4 | row = 3 | coef = -0.681764 | a_step_col = 0.061847
col = 4 | row = 4 | coef = -0.816829 | a_step_col = 0.061847
col = 4 | row = 5 | coef = 0.413878 | a_step_col = 0.061847
col = 5 | row = 2 | coef = -0.056939 | a_step_col = 0.763278
col = 5 | row = 3 | coef = -0.681764 | a_step_col = 0.763278
col = 5 | row = 4 | coef = -0.816829 | a_step_col = 0.763278
col = 5 | row = 5 | coef = 0.413878 | a_step_col = 0.763278
4.779699e-01	9.407591e-01	6.275032e-01	5.462177e-01	8.141348e-01	9.573269e-01	
0.000000e+00	6.787046e-01	-4.314499e-02	-2.173220e-02	6.184679e-02	7.632777e-01	
0.000000e+00	-3.864491e-02	8.074503e-01	2.188454e-02	7.737558e-01	6.846889e-01	
0.000000e+00	-4.627167e-01	1.328665e-01	4.681105e-01	-1.854256e-01	-1.713908e-01	
0.000000e+00	-5.543859e-01	4.186790e-01	-3.270037e-02	-5.196574e-01	3.814697e-01	
0.000000e+00	2.809007e-01	1.567496e-01	-1.003427e-01	-2.539351e-01	-4.575974e-01	

step 2 maxPos 2
step 2 coef[0] = 0.777142
step 2 coef[1] = -0.053434
step 2 coef[2] = 1.000000
step 2 coef[3] = 0.164551
step 2 coef[4] = 0.518520
step 2 coef[5] = 0.194129
col = 3 | row = 3 | coef = 0.164551 | a_step_col = 0.021885
col = 3 | row = 4 | coef = 0.518520 | a_step_col = 0.021885
col = 3 | row = 5 | coef = 0.194129 | a_step_col = 0.021885
col = 4 | row = 3 | coef = 0.164551 | a_step_col = 0.773756
col = 4 | row = 4 | coef = 0.518520 | a_step_col = 0.773756
col = 4 | row = 5 | coef = 0.194129 | a_step_col = 0.773756
col = 5 | row = 3 | coef = 0.164551 | a_step_col = 0.684689
col = 5 | row = 4 | coef = 0.518520 | a_step_col = 0.684689
col = 5 | row = 5 | coef = 0.194129 | a_step_col = 0.684689
4.779699e-01	9.407591e-01	6.275032e-01	5.462177e-01	8.141348e-01	9.573269e-01	
0.000000e+00	6.787046e-01	-4.314499e-02	-2.173220e-02	6.184679e-02	7.632777e-01	
0.000000e+00	0.000000e+00	8.074503e-01	2.188454e-02	7.737558e-01	6.846889e-01	
0.000000e+00	0.000000e+00	1.328665e-01	4.645094e-01	-3.127477e-01	-2.840568e-01	
0.000000e+00	0.000000e+00	4.186790e-01	-4.404794e-02	-9.208652e-01	2.644491e-02	
0.000000e+00	0.000000e+00	1.567496e-01	-1.045911e-01	-4.041436e-01	-5.905155e-01	

step 3 maxPos 3
step 3 coef[0] = 1.175902
step 3 coef[1] = -0.046785
step 3 coef[2] = 0.047113
step 3 coef[3] = 1.000000
step 3 coef[4] = -0.094827
step 3 coef[5] = -0.225165
col = 4 | row = 4 | coef = -0.094827 | a_step_col = -0.312748
col = 4 | row = 5 | coef = -0.225165 | a_step_col = -0.312748
col = 5 | row = 4 | coef = -0.094827 | a_step_col = -0.284057
col = 5 | row = 5 | coef = -0.225165 | a_step_col = -0.284057
4.779699e-01	9.407591e-01	6.275032e-01	5.462177e-01	8.141348e-01	9.573269e-01	
0.000000e+00	6.787046e-01	-4.314499e-02	-2.173220e-02	6.184679e-02	7.632777e-01	
0.000000e+00	0.000000e+00	8.074503e-01	2.188454e-02	7.737558e-01	6.846889e-01	
0.000000e+00	0.000000e+00	0.000000e+00	4.645094e-01	-3.127477e-01	-2.840568e-01	
0.000000e+00	0.000000e+00	0.000000e+00	-4.404794e-02	-9.505221e-01	-4.912834e-04	
0.000000e+00	0.000000e+00	0.000000e+00	-1.045911e-01	-4.745633e-01	-6.544750e-01	

step 4 maxPos 4
step 4 coef[0] = -0.856513
step 4 coef[1] = -0.065066
step 4 coef[2] = -0.814032
step 4 coef[3] = 0.329027
step 4 coef[4] = 1.000000
step 4 coef[5] = 0.499266
col = 5 | row = 5 | coef = 0.499266 | a_step_col = -0.000491
4.779699e-01	9.407591e-01	6.275032e-01	5.462177e-01	8.141348e-01	9.573269e-01	
0.000000e+00	6.787046e-01	-4.314499e-02	-2.173220e-02	6.184679e-02	7.632777e-01	
0.000000e+00	0.000000e+00	8.074503e-01	2.188454e-02	7.737558e-01	6.846889e-01	
0.000000e+00	0.000000e+00	0.000000e+00	4.645094e-01	-3.127477e-01	-2.840568e-01	
0.000000e+00	0.000000e+00	0.000000e+00	0.000000e+00	-9.505221e-01	-4.912834e-04	
0.000000e+00	0.000000e+00	0.000000e+00	0.000000e+00	-4.745633e-01	-6.542298e-01	

